127.0.0.1 - - [28/Jan/2019:10:11:02 -0500] "GET / HTTP/1.1" 404 1074
0:0:0:0:0:0:0:1 - - [28/Jan/2019:10:13:32 -0500] "GET /RestCrud/students/ HTTP/1.1" 200 467
127.0.0.1 - - [28/Jan/2019:10:29:55 -0500] "GET / HTTP/1.1" 404 1074
0:0:0:0:0:0:0:1 - - [28/Jan/2019:10:30:13 -0500] "GET /RestCrud/students/ HTTP/1.1" 200 108
0:0:0:0:0:0:0:1 - - [28/Jan/2019:10:33:37 -0500] "GET /RestCrud/students/ HTTP/1.1" 200 108
0:0:0:0:0:0:0:1 - - [28/Jan/2019:10:33:41 -0500] "GET /RestCrud/students/ HTTP/1.1" 200 108
0:0:0:0:0:0:0:1 - - [28/Jan/2019:10:33:59 -0500] "GET /RestCrud/students/ HTTP/1.1" 200 121
0:0:0:0:0:0:0:1 - - [28/Jan/2019:10:37:21 -0500] "GET /RestCrud/students/ HTTP/1.1" 200 232
0:0:0:0:0:0:0:1 - - [28/Jan/2019:10:37:25 -0500] "GET /RestCrud/students/ HTTP/1.1" 200 232
0:0:0:0:0:0:0:1 - - [28/Jan/2019:10:38:51 -0500] "GET /RestCrud/students/ HTTP/1.1" 200 232
127.0.0.1 - - [28/Jan/2019:10:50:41 -0500] "GET / HTTP/1.1" 404 1074
0:0:0:0:0:0:0:1 - - [28/Jan/2019:10:50:50 -0500] "GET /RestCrud/students/ HTTP/1.1" 200 232
0:0:0:0:0:0:0:1 - - [28/Jan/2019:10:51:10 -0500] "POST /RestCrud/students/ HTTP/1.1" 405 1115
0:0:0:0:0:0:0:1 - - [28/Jan/2019:10:51:15 -0500] "POST /RestCrud/students/ HTTP/1.1" 405 1115
0:0:0:0:0:0:0:1 - - [28/Jan/2019:10:51:32 -0500] "PUT /RestCrud/students/ HTTP/1.1" 405 1114
0:0:0:0:0:0:0:1 - - [28/Jan/2019:10:51:38 -0500] "PUT /RestCrud/students/ HTTP/1.1" 405 1114
0:0:0:0:0:0:0:1 - - [28/Jan/2019:10:51:51 -0500] "PATCH /RestCrud/students/ HTTP/1.1" 405 1116
0:0:0:0:0:0:0:1 - - [28/Jan/2019:10:52:01 -0500] "DELETE /RestCrud/students/ HTTP/1.1" 405 1117
0:0:0:0:0:0:0:1 - - [28/Jan/2019:10:52:20 -0500] "OPTIONS /RestCrud/students/ HTTP/1.1" 200 -
0:0:0:0:0:0:0:1 - - [28/Jan/2019:10:52:30 -0500] "OPTIONS /RestCrud/students/ HTTP/1.1" 200 -
0:0:0:0:0:0:0:1 - - [28/Jan/2019:10:52:38 -0500] "HEAD /RestCrud/students/ HTTP/1.1" 405 -
0:0:0:0:0:0:0:1 - - [28/Jan/2019:10:52:46 -0500] "GET /RestCrud/students/ HTTP/1.1" 200 232
127.0.0.1 - - [28/Jan/2019:11:12:01 -0500] "GET / HTTP/1.1" 404 1074
0:0:0:0:0:0:0:1 - - [28/Jan/2019:11:12:11 -0500] "GET /RestCrud/students/ HTTP/1.1" 200 232
0:0:0:0:0:0:0:1 - - [28/Jan/2019:11:12:20 -0500] "DELETE /RestCrud/students/ HTTP/1.1" 500 4439
0:0:0:0:0:0:0:1 - - [28/Jan/2019:11:12:42 -0500] "DELETE /RestCrud/students/ HTTP/1.1" 500 4439
0:0:0:0:0:0:0:1 - - [28/Jan/2019:11:13:16 -0500] "DELETE /RestCrud/students/ HTTP/1.1" 500 4439
0:0:0:0:0:0:0:1 - - [28/Jan/2019:11:14:51 -0500] "DELETE /RestCrud/students/5 HTTP/1.1" 404 1047
0:0:0:0:0:0:0:1 - - [28/Jan/2019:11:25:26 -0500] "DELETE /RestCrud/students/ HTTP/1.1" 404 1047
0:0:0:0:0:0:0:1 - - [28/Jan/2019:11:34:55 -0500] "DELETE /RestCrud/students/ HTTP/1.1" 404 1047
0:0:0:0:0:0:0:1 - - [28/Jan/2019:11:35:01 -0500] "GET /RestCrud/students/ HTTP/1.1" 404 1047
0:0:0:0:0:0:0:1 - - [28/Jan/2019:11:35:04 -0500] "GET /RestCrud/students/ HTTP/1.1" 404 1047
127.0.0.1 - - [28/Jan/2019:11:35:59 -0500] "GET / HTTP/1.1" 404 1074
0:0:0:0:0:0:0:1 - - [28/Jan/2019:11:36:11 -0500] "GET /RestCrud/students/ HTTP/1.1" 200 232
0:0:0:0:0:0:0:1 - - [28/Jan/2019:11:36:19 -0500] "GET /RestCrud/5/ HTTP/1.1" 200 119
0:0:0:0:0:0:0:1 - - [28/Jan/2019:11:36:26 -0500] "GET /RestCrud/1/ HTTP/1.1" 200 121
127.0.0.1 - - [28/Jan/2019:11:48:43 -0500] "GET / HTTP/1.1" 404 1074
0:0:0:0:0:0:0:1 - - [28/Jan/2019:11:49:10 -0500] "DELETE /RestCrud/5/ HTTP/1.1" 200 -
0:0:0:0:0:0:0:1 - - [28/Jan/2019:11:49:35 -0500] "GET /RestCrud/students/ HTTP/1.1" 200 123
127.0.0.1 - - [28/Jan/2019:14:24:24 -0500] "GET / HTTP/1.1" 404 1074
0:0:0:0:0:0:0:1 - - [28/Jan/2019:14:24:34 -0500] "GET /RestCrud/1/ HTTP/1.1" 200 121
127.0.0.1 - - [28/Jan/2019:16:39:20 -0500] "GET / HTTP/1.1" 404 1074
0:0:0:0:0:0:0:1 - - [28/Jan/2019:16:39:36 -0500] "PUT /RestCrud/1/ HTTP/1.1" 200 121
127.0.0.1 - - [28/Jan/2019:22:23:25 -0500] "GET / HTTP/1.1" 404 1074
0:0:0:0:0:0:0:1 - - [28/Jan/2019:22:23:49 -0500] "PUT /RestCrud/1/ HTTP/1.1" 200 4
0:0:0:0:0:0:0:1 - - [28/Jan/2019:22:27:22 -0500] "GET /RestCrud/students/ HTTP/1.1" 200 226
0:0:0:0:0:0:0:1 - - [28/Jan/2019:22:28:02 -0500] "PUT /RestCrrud/students HTTP/1.1" 403 983
0:0:0:0:0:0:0:1 - - [28/Jan/2019:22:28:33 -0500] "PUT /RestCrud/1+simio/ HTTP/1.1" 200 13
0:0:0:0:0:0:0:1 - - [28/Jan/2019:22:40:59 -0500] "PUT /RestCrud/1+simio+email345+pghassword+F+address56/ HTTP/1.1" 200 45
0:0:0:0:0:0:0:1 - - [28/Jan/2019:22:45:37 -0500] "PUT /RestCrud/1+simio+email345+pghassword+F+address56/ HTTP/1.1" 200 45
0:0:0:0:0:0:0:1 - - [28/Jan/2019:22:46:14 -0500] "PUT /RestCrud/students/ HTTP/1.1" 405 1114
0:0:0:0:0:0:0:1 - - [28/Jan/2019:22:46:24 -0500] "GET /RestCrud/students/ HTTP/1.1" 200 217
0:0:0:0:0:0:0:1 - - [28/Jan/2019:23:00:30 -0500] "PATCH /RestCrud/2+Pato+em085+pghas56rd+F+calle9786/ HTTP/1.1" 404 1047
0:0:0:0:0:0:0:1 - - [28/Jan/2019:23:01:05 -0500] "PATCH /RestCrud/2+Pato+em085+pghas56rd+F+calle9786/ HTTP/1.1" 404 1047
0:0:0:0:0:0:0:1 - - [28/Jan/2019:23:02:14 -0500] "PUT /RestCrud/create/2+Pato+em085+pghas56rd+F+calle9786/ HTTP/1.1" 404 1047
127.0.0.1 - - [28/Jan/2019:23:02:56 -0500] "GET / HTTP/1.1" 404 1074
0:0:0:0:0:0:0:1 - - [28/Jan/2019:23:05:58 -0500] "PUT /RestCrud/create/2+Pato+em085+pghas56rd+F+calle9786/ HTTP/1.1" 500 12292
127.0.0.1 - - [28/Jan/2019:23:08:56 -0500] "GET / HTTP/1.1" 404 1074
0:0:0:0:0:0:0:1 - - [28/Jan/2019:23:09:15 -0500] "PUT /RestCrud/create2+Pato+em085+pghas56rd+F+calle9786/ HTTP/1.1" 400 1127
0:0:0:0:0:0:0:1 - - [28/Jan/2019:23:09:31 -0500] "PUT /RestCrud/create+2+Pato+em085+pghas56rd+F+calle9786/ HTTP/1.1" 500 12292
127.0.0.1 - - [28/Jan/2019:23:11:35 -0500] "GET / HTTP/1.1" 404 1074
0:0:0:0:0:0:0:1 - - [28/Jan/2019:23:12:16 -0500] "PUT /RestCrud/create+2+Pato+em085+pghas56rd+F+calle9786/ HTTP/1.1" 500 12292
0:0:0:0:0:0:0:1 - - [28/Jan/2019:23:13:29 -0500] "GET /RestCrud/students/ HTTP/1.1" 200 217
0:0:0:0:0:0:0:1 - - [28/Jan/2019:23:17:50 -0500] "PUT /RestCrud/create+2+Pato+em085+pghas56rd+F+calle9786/ HTTP/1.1" 500 12292
127.0.0.1 - - [28/Jan/2019:23:19:48 -0500] "GET / HTTP/1.1" 404 1074
0:0:0:0:0:0:0:1 - - [28/Jan/2019:23:21:01 -0500] "PUT /RestCrud/2+Pato+em085+pghas56rd+F+calle9786/ HTTP/1.1" 405 1114
0:0:0:0:0:0:0:1 - - [28/Jan/2019:23:23:34 -0500] "PUT /RestCrud/1+Pato1+em085+pghas56rd+F+calle9786 HTTP/1.1" 200 37
0:0:0:0:0:0:0:1 - - [28/Jan/2019:23:27:00 -0500] "PUT /RestCrud/4+Pato2+em085+pghas56rd+F+calle9786 HTTP/1.1" 405 1114
127.0.0.1 - - [28/Jan/2019:23:28:23 -0500] "GET / HTTP/1.1" 404 1074
0:0:0:0:0:0:0:1 - - [28/Jan/2019:23:28:36 -0500] "PUT /RestCrud/4+Pato2+em085+pghas56rd+F+calle9786 HTTP/1.1" 405 1114
127.0.0.1 - - [28/Jan/2019:23:30:32 -0500] "GET / HTTP/1.1" 404 1074
127.0.0.1 - - [28/Jan/2019:23:32:31 -0500] "GET / HTTP/1.1" 404 1074
127.0.0.1 - - [28/Jan/2019:23:33:34 -0500] "GET / HTTP/1.1" 404 1074
0:0:0:0:0:0:0:1 - - [28/Jan/2019:23:33:50 -0500] "PUT /RestCrud/4+Pato2+em085+pghas56rd+F+calle9786 HTTP/1.1" 200 37
127.0.0.1 - - [28/Jan/2019:23:36:21 -0500] "GET / HTTP/1.1" 404 1074
0:0:0:0:0:0:0:1 - - [28/Jan/2019:23:36:39 -0500] "PUT /RestCrud/4+Pato2+em085+pghas56rd+F+calle9786 HTTP/1.1" 200 37
127.0.0.1 - - [28/Jan/2019:23:38:20 -0500] "GET / HTTP/1.1" 404 1074
0:0:0:0:0:0:0:1 - - [28/Jan/2019:23:38:48 -0500] "PUT /RestCrud/4+Pato2+em085+pghas56rd+F+calle9786 HTTP/1.1" 200 37
0:0:0:0:0:0:0:1 - - [28/Jan/2019:23:38:52 -0500] "PUT /RestCrud/4+Pato2+em085+pghas56rd+F+calle9786 HTTP/1.1" 200 37
0:0:0:0:0:0:0:1 - - [28/Jan/2019:23:39:25 -0500] "GET /RestCrud/students HTTP/1.1" 400 1127
0:0:0:0:0:0:0:1 - - [28/Jan/2019:23:39:55 -0500] "GET /RestCrud/students/ HTTP/1.1" 200 213
0:0:0:0:0:0:0:1 - - [28/Jan/2019:23:40:34 -0500] "PUT /RestCrud/4+Pato2+em085+pghas56rd+F+calle9786 HTTP/1.1" 200 37
127.0.0.1 - - [28/Jan/2019:23:41:54 -0500] "GET / HTTP/1.1" 404 1074
0:0:0:0:0:0:0:1 - - [28/Jan/2019:23:42:06 -0500] "PUT /RestCrud/4+Pato2+em085+pghas56rd+F+calle9786 HTTP/1.1" 200 37
127.0.0.1 - - [28/Jan/2019:23:44:26 -0500] "GET / HTTP/1.1" 404 1074
0:0:0:0:0:0:0:1 - - [28/Jan/2019:23:44:44 -0500] "PUT /RestCrud/4+Pato2+em085+pghas56rd+F+calle9786 HTTP/1.1" 500 12292
127.0.0.1 - - [28/Jan/2019:23:46:36 -0500] "GET / HTTP/1.1" 404 1074
0:0:0:0:0:0:0:1 - - [28/Jan/2019:23:47:05 -0500] "PUT /RestCrud/4+Pato2+em085+pghas56rd+F+calle9786 HTTP/1.1" 200 37
127.0.0.1 - - [28/Jan/2019:23:48:48 -0500] "GET / HTTP/1.1" 404 1074
0:0:0:0:0:0:0:1 - - [28/Jan/2019:23:48:57 -0500] "PUT /RestCrud/4+Pato2+em085+pghas56rd+F+calle9786 HTTP/1.1" 500 12292
127.0.0.1 - - [28/Jan/2019:23:50:40 -0500] "GET / HTTP/1.1" 404 1074
0:0:0:0:0:0:0:1 - - [28/Jan/2019:23:50:56 -0500] "GET /RestCrud/4+Pato2+em085+pghas56rd+F+calle9786 HTTP/1.1" 400 1127
127.0.0.1 - - [28/Jan/2019:23:52:58 -0500] "GET / HTTP/1.1" 404 1074
0:0:0:0:0:0:0:1 - - [28/Jan/2019:23:53:10 -0500] "GET /RestCrud/4+Pato2+em085+pghas56rd+F+calle9786 HTTP/1.1" 400 1127
127.0.0.1 - - [28/Jan/2019:23:54:58 -0500] "GET / HTTP/1.1" 404 1074
0:0:0:0:0:0:0:1 - - [28/Jan/2019:23:55:31 -0500] "POST /RestCrud/4+Pato2+em085+pghas56rd+F+calle9786 HTTP/1.1" 500 12295
127.0.0.1 - - [28/Jan/2019:23:57:39 -0500] "GET / HTTP/1.1" 404 1074
0:0:0:0:0:0:0:1 - - [28/Jan/2019:23:57:47 -0500] "HEAD /RestCrud/4+Pato2+em085+pghas56rd+F+calle9786 HTTP/1.1" 500 -
